
> minierp-clerk-nextjs@0.3.0 build
> DATABASE_URL=${DATABASE_URL:-postgresql://postgres:postgres@127.0.0.1:5432/minierp} next build

▲ Next.js 16.1.4 (Turbopack)
- Environments: .env

  Creating an optimized production build ...

-----
[1m[31mFATAL[39m[0m: An unexpected Turbopack error occurred. A panic log has been written to /var/folders/sr/_lhnfd8573nd21bbjz79gk7c0000gn/T/next-panic-52bfc8753a5182195122fd3e9a6e9129.log.

To help make Turbopack better, report this error by clicking here: https://github.com/vercel/next.js/discussions/new?category=turbopack-error-report&title=Turbopack%20Error%3A%20%5Bproject%5D%2Fsrc%2Fapp%2Fglobals.css%20%5Bapp-client%5D%20%28css%29&body=Turbopack%20version%3A%20%60v16.1.0-canary.19-88-gcb436b361%60%0ANext.js%20version%3A%20%600.0.0%60%0A%0AError%20message%3A%0A%60%60%60%0ATurbopack%20Error%3A%20%5Bproject%5D%2Fsrc%2Fapp%2Fglobals.css%20%5Bapp-client%5D%20%28css%29%0A%60%60%60&labels=Turbopack,Turbopack%20Panic%20Backtrace
-----


> Build error occurred
Error [TurbopackInternalError]: [project]/src/app/globals.css [app-client] (css)

Caused by:
- creating new process
- binding to a port
- Operation not permitted (os error 1)

Debug info:
- Execution of get_all_written_entrypoints_with_issues_operation failed
- Execution of EntrypointsOperation::new failed
- Execution of all_entrypoints_write_to_disk_operation failed
- Execution of Project::emit_all_output_assets failed
- Execution of *emit_assets failed
- Execution of all_assets_from_entries_operation failed
- Execution of *all_assets_from_entries failed
- Execution of output_assets_operation failed
- Execution of <MiddlewareEndpoint as Endpoint>::output failed
- Execution of MiddlewareEndpoint::output_assets failed
- Execution of MiddlewareEndpoint::node_chunk failed
- Execution of *<NodeJsChunkingContext as ChunkingContext>::entry_chunk_group failed
- Execution of Project::server_chunking_context failed
- Execution of *get_server_chunking_context failed
- Execution of Project::module_ids failed
- Execution of whole_app_module_graph_operation failed
- Execution of *ModuleGraph::from_single_graph failed
- Execution of SingleModuleGraph::new_with_entries failed
- [project]/src/app/globals.css [app-client] (css)
- Execution of primary_chunkable_referenced_modules failed
- Execution of <CssModuleAsset as Module>::references failed
- Execution of parse_css failed
- Execution of <PostCssTransformedAsset as Asset>::content failed
- Execution of PostCssTransformedAsset::process failed
- Execution of evaluate_webpack_loader failed
- creating new process
- binding to a port
- Operation not permitted (os error 1)
    at <unknown> (TurbopackInternalError: [project]/src/app/globals.css [app-client] (css)) {
  type: 'TurbopackInternalError',
  location: undefined
}
