src
src/app
src/app/(app)
src/app/(app)/accounting
src/app/(app)/accounting/coa
src/app/(app)/accounting/gl
src/app/(app)/accounting/journal-entries
src/app/(app)/accounting/payment-entries
src/app/(app)/accounting/periods
src/app/(app)/admin
src/app/(app)/assets
src/app/(app)/assets/assets
src/app/(app)/assets/categories
src/app/(app)/assets/depreciation
src/app/(app)/bills
src/app/(app)/bulk
src/app/(app)/bulk/jobs
src/app/(app)/buying
src/app/(app)/buying/material-requests
src/app/(app)/buying/payables
src/app/(app)/buying/purchase-invoices
src/app/(app)/buying/purchase-orders
src/app/(app)/buying/purchase-receipts
src/app/(app)/buying/rfqs
src/app/(app)/buying/supplier-quotations
src/app/(app)/buying/suppliers
src/app/(app)/communication
src/app/(app)/communication/logs
src/app/(app)/communication/windows
src/app/(app)/crm
src/app/(app)/crm/campaigns
src/app/(app)/crm/leads
src/app/(app)/crm/opportunities
src/app/(app)/crm/pipeline
src/app/(app)/crm/timeline
src/app/(app)/customers
src/app/(app)/customers/[id]
src/app/(app)/dashboard
src/app/(app)/edi
src/app/(app)/edi/code-lists
src/app/(app)/edi/mappings
src/app/(app)/edi/transports
src/app/(app)/hr
src/app/(app)/hr/attendance
src/app/(app)/hr/employees
src/app/(app)/hr/expense-claims
src/app/(app)/hr/leaves
src/app/(app)/integrations
src/app/(app)/integrations/api-tokens
src/app/(app)/integrations/email-queue
src/app/(app)/integrations/email-templates
src/app/(app)/integrations/import-export
src/app/(app)/integrations/webhooks
src/app/(app)/inventory
src/app/(app)/inventory/__tests__
src/app/(app)/inventory/brands
src/app/(app)/inventory/categories
src/app/(app)/inventory/documents
src/app/(app)/inventory/import
src/app/(app)/inventory/items
src/app/(app)/inventory/ledger
src/app/(app)/inventory/locations
src/app/(app)/inventory/reorder
src/app/(app)/inventory/settings
src/app/(app)/inventory/snapshots
src/app/(app)/inventory/warehouses
src/app/(app)/invoices
src/app/(app)/maintenance
src/app/(app)/maintenance/schedules
src/app/(app)/maintenance/visits
src/app/(app)/manufacturing
src/app/(app)/manufacturing/boms
src/app/(app)/manufacturing/job-cards
src/app/(app)/manufacturing/routings
src/app/(app)/manufacturing/work-orders
src/app/(app)/org
src/app/(app)/org/members
src/app/(app)/org/new
src/app/(app)/org/roles
src/app/(app)/org/select
src/app/(app)/org/settings
src/app/(app)/payments
src/app/(app)/payroll
src/app/(app)/payroll/entries
src/app/(app)/payroll/payslips
src/app/(app)/payroll/salary-structures
src/app/(app)/platform
src/app/(app)/platform/customization
src/app/(app)/platform/reports
src/app/(app)/platform/settings
src/app/(app)/portal
src/app/(app)/portal/configs
src/app/(app)/pos
src/app/(app)/pos/closing
src/app/(app)/pos/profiles
src/app/(app)/pos/sales
src/app/(app)/pos/shifts
src/app/(app)/products
src/app/(app)/projects
src/app/(app)/projects/billing
src/app/(app)/projects/projects
src/app/(app)/projects/tasks
src/app/(app)/projects/timesheets
src/app/(app)/purchase-orders
src/app/(app)/purchase-orders/[id]
src/app/(app)/quality
src/app/(app)/quality/capas
src/app/(app)/quality/goals
src/app/(app)/quality/inspections
src/app/(app)/quotes
src/app/(app)/regional
src/app/(app)/regional/profiles
src/app/(app)/reports
src/app/(app)/selling
src/app/(app)/selling/customers
src/app/(app)/selling/delivery-notes
src/app/(app)/selling/quotations
src/app/(app)/selling/receivables
src/app/(app)/selling/sales-invoices
src/app/(app)/selling/sales-orders
src/app/(app)/settings
src/app/(app)/settings/account
src/app/(app)/settings/audit-log
src/app/(app)/setup
src/app/(app)/setup/customer-groups
src/app/(app)/setup/item-groups
src/app/(app)/setup/supplier-groups
src/app/(app)/setup/territories
src/app/(app)/setup/uoms
src/app/(app)/stock
src/app/(app)/stock/documents
src/app/(app)/stock/items
src/app/(app)/stock/ledger
src/app/(app)/stock/overview
src/app/(app)/stock/reorder
src/app/(app)/stock/settings
src/app/(app)/stock/warehouses
src/app/(app)/subcontracting
src/app/(app)/subcontracting/orders
src/app/(app)/subcontracting/receipts
src/app/(app)/support
src/app/(app)/support/knowledge-base
src/app/(app)/support/queues
src/app/(app)/support/slas
src/app/(app)/support/tickets
src/app/(app)/telephony
src/app/(app)/telephony/call-logs
src/app/(app)/utilities
src/app/(app)/utilities/admin-tools
src/app/(app)/utilities/tasks
src/app/(app)/vendors
src/app/api
src/app/api/account
src/app/api/account/email
src/app/api/account/password
src/app/api/account/phone
src/app/api/account/preferences
src/app/api/account/profile
src/app/api/admin
src/app/api/admin/impersonation
src/app/api/admin/tenants
src/app/api/admin/users
src/app/api/audit
src/app/api/auth
src/app/api/auth/config
src/app/api/auth/magic-link
src/app/api/auth/mfa
src/app/api/auth/oauth
src/app/api/auth/otp
src/app/api/auth/session
src/app/api/health
src/app/api/invites
src/app/api/invites/accept
src/app/api/invites/claim
src/app/api/invites/preview
src/app/api/orgs
src/app/api/orgs/[id]
src/app/api/sessions
src/app/api/sessions/revoke
src/app/api/sessions/revoke-all
src/app/api/v1
src/app/api/v1/accounting
src/app/api/v1/assets
src/app/api/v1/bulk
src/app/api/v1/buying
src/app/api/v1/communication
src/app/api/v1/crm
src/app/api/v1/customers
src/app/api/v1/edi
src/app/api/v1/hr
src/app/api/v1/integrations
src/app/api/v1/inventory
src/app/api/v1/maintenance
src/app/api/v1/manufacturing
src/app/api/v1/payroll
src/app/api/v1/platform
src/app/api/v1/portal
src/app/api/v1/pos
src/app/api/v1/products
src/app/api/v1/projects
src/app/api/v1/quality
src/app/api/v1/regional
src/app/api/v1/selling
src/app/api/v1/setup
src/app/api/v1/subcontracting
src/app/api/v1/support
src/app/api/v1/telephony
src/app/api/v1/utilities
src/app/auth
src/app/auth/mfa
src/app/auth/reset-password
src/app/auth/sign-in
src/app/auth/sign-up
src/app/auth/verify
src/app/sign-in
src/app/sign-up
src/application
src/application/inventory
src/application/inventory/__tests__
src/components
src/components/__tests__
src/components/auth
src/components/crm
src/components/datagrid
src/components/filters
src/components/shell
src/components/ui
src/config
src/domain
src/domain/inventory
src/infrastructure
src/infrastructure/inventory
src/lib
src/lib/__tests__
src/lib/api
src/modules
src/modules/accounting
src/modules/accounting/application
src/modules/accounting/application/__tests__
src/modules/accounting/domain
src/modules/accounting/interface
src/modules/assets
src/modules/assets/application
src/modules/assets/application/__tests__
src/modules/assets/domain
src/modules/assets/interface
src/modules/bulk
src/modules/bulk/application
src/modules/bulk/application/__tests__
src/modules/bulk/domain
src/modules/bulk/interface
src/modules/buying
src/modules/buying/application
src/modules/buying/application/__tests__
src/modules/buying/domain
src/modules/buying/interface
src/modules/communication
src/modules/communication/application
src/modules/communication/application/__tests__
src/modules/communication/domain
src/modules/communication/interface
src/modules/crm
src/modules/crm/application
src/modules/crm/application/__tests__
src/modules/crm/domain
src/modules/crm/interface
src/modules/edi
src/modules/edi/application
src/modules/edi/application/__tests__
src/modules/edi/domain
src/modules/edi/interface
src/modules/hr
src/modules/hr/application
src/modules/hr/application/__tests__
src/modules/hr/domain
src/modules/hr/interface
src/modules/iam
src/modules/iam/application
src/modules/iam/application/__tests__
src/modules/iam/domain
src/modules/iam/infrastructure
src/modules/iam/infrastructure/__tests__
src/modules/iam/interface
src/modules/integrations
src/modules/integrations/application
src/modules/integrations/application/__tests__
src/modules/integrations/domain
src/modules/integrations/interface
src/modules/inventory
src/modules/inventory/application
src/modules/inventory/application/__tests__
src/modules/inventory/domain
src/modules/inventory/domain/__tests__
src/modules/inventory/infrastructure
src/modules/inventory/interface
src/modules/maintenance
src/modules/maintenance/application
src/modules/maintenance/application/__tests__
src/modules/maintenance/domain
src/modules/maintenance/interface
src/modules/manufacturing
src/modules/manufacturing/application
src/modules/manufacturing/application/__tests__
src/modules/manufacturing/domain
src/modules/manufacturing/interface
src/modules/payroll
src/modules/payroll/application
src/modules/payroll/application/__tests__
src/modules/payroll/domain
src/modules/payroll/interface
src/modules/platform
src/modules/platform/application
src/modules/platform/application/__tests__
src/modules/platform/domain
src/modules/platform/interface
src/modules/portal
src/modules/portal/application
src/modules/portal/application/__tests__
src/modules/portal/domain
src/modules/portal/interface
src/modules/pos
src/modules/pos/application
src/modules/pos/application/__tests__
src/modules/pos/domain
src/modules/pos/interface
src/modules/projects
src/modules/projects/application
src/modules/projects/application/__tests__
src/modules/projects/domain
src/modules/projects/interface
src/modules/quality
src/modules/quality/application
src/modules/quality/application/__tests__
src/modules/quality/domain
src/modules/quality/interface
src/modules/regional
src/modules/regional/application
src/modules/regional/application/__tests__
src/modules/regional/domain
src/modules/regional/interface
src/modules/selling
src/modules/selling/application
src/modules/selling/application/__tests__
src/modules/selling/domain
src/modules/selling/interface
src/modules/subcontracting
src/modules/subcontracting/application
src/modules/subcontracting/domain
src/modules/subcontracting/interface
src/modules/support
src/modules/support/application
src/modules/support/application/__tests__
src/modules/support/domain
src/modules/support/interface
src/modules/telephony
src/modules/telephony/application
src/modules/telephony/application/__tests__
src/modules/telephony/domain
src/modules/telephony/interface
src/modules/utilities
src/modules/utilities/application
src/modules/utilities/application/__tests__
src/modules/utilities/domain
src/modules/utilities/interface
