src/app/(app)/accounting/actions.ts
src/app/(app)/accounting/coa/page.tsx
src/app/(app)/accounting/components.tsx
src/app/(app)/accounting/gl/page.tsx
src/app/(app)/accounting/journal-entries/page.tsx
src/app/(app)/accounting/page.tsx
src/app/(app)/accounting/payment-entries/page.tsx
src/app/(app)/accounting/periods/page.tsx
src/app/(app)/admin/page.tsx
src/app/(app)/assets/assets/page.tsx
src/app/(app)/assets/categories/page.tsx
src/app/(app)/assets/depreciation/page.tsx
src/app/(app)/assets/page.tsx
src/app/(app)/bills/actions.ts
src/app/(app)/bills/components.tsx
src/app/(app)/bills/page.tsx
src/app/(app)/bulk/jobs/page.tsx
src/app/(app)/bulk/page.tsx
src/app/(app)/buying/material-requests/page.tsx
src/app/(app)/buying/page.tsx
src/app/(app)/buying/payables/page.tsx
src/app/(app)/buying/purchase-invoices/page.tsx
src/app/(app)/buying/purchase-orders/page.tsx
src/app/(app)/buying/purchase-receipts/page.tsx
src/app/(app)/buying/rfqs/page.tsx
src/app/(app)/buying/supplier-quotations/page.tsx
src/app/(app)/buying/suppliers/page.tsx
src/app/(app)/communication/logs/page.tsx
src/app/(app)/communication/page.tsx
src/app/(app)/communication/windows/page.tsx
src/app/(app)/crm/campaigns/page.tsx
src/app/(app)/crm/leads/page.tsx
src/app/(app)/crm/opportunities/page.tsx
src/app/(app)/crm/page.tsx
src/app/(app)/crm/pipeline/page.tsx
src/app/(app)/crm/timeline/page.tsx
src/app/(app)/customers/[id]/actions.ts
src/app/(app)/customers/[id]/contacts.tsx
src/app/(app)/customers/[id]/deals.tsx
src/app/(app)/customers/[id]/invoices.tsx
src/app/(app)/customers/[id]/overview.tsx
src/app/(app)/customers/[id]/page.tsx
src/app/(app)/customers/actions.ts
src/app/(app)/customers/components.tsx
src/app/(app)/customers/customer-table.tsx
src/app/(app)/customers/edit-customer-dialog.tsx
src/app/(app)/customers/kanban-actions.ts
src/app/(app)/customers/new-customer-dialog.tsx
src/app/(app)/customers/page.tsx
src/app/(app)/dashboard/actions.ts
src/app/(app)/dashboard/components.tsx
src/app/(app)/dashboard/dashboard-grids.tsx
src/app/(app)/dashboard/loading.tsx
src/app/(app)/dashboard/page.tsx
src/app/(app)/dashboard/sales-chart.tsx
src/app/(app)/edi/code-lists/page.tsx
src/app/(app)/edi/mappings/page.tsx
src/app/(app)/edi/page.tsx
src/app/(app)/edi/transports/page.tsx
src/app/(app)/hr/attendance/page.tsx
src/app/(app)/hr/employees/page.tsx
src/app/(app)/hr/expense-claims/page.tsx
src/app/(app)/hr/leaves/page.tsx
src/app/(app)/hr/page.tsx
src/app/(app)/integrations/api-tokens/page.tsx
src/app/(app)/integrations/email-queue/page.tsx
src/app/(app)/integrations/email-templates/page.tsx
src/app/(app)/integrations/import-export/page.tsx
src/app/(app)/integrations/page.tsx
src/app/(app)/integrations/webhooks/page.tsx
src/app/(app)/inventory/__tests__/inventory-action-permissions.test.ts
src/app/(app)/inventory/actions.ts
src/app/(app)/inventory/brands/actions.ts
src/app/(app)/inventory/brands/page.tsx
src/app/(app)/inventory/categories/actions.ts
src/app/(app)/inventory/categories/page.tsx
src/app/(app)/inventory/components.tsx
src/app/(app)/inventory/documents/[docId]/doc-actions.tsx
src/app/(app)/inventory/documents/[docId]/document-attachment-panel.tsx
src/app/(app)/inventory/documents/[docId]/page.tsx
src/app/(app)/inventory/documents/document-editor.tsx
src/app/(app)/inventory/documents/new/page.tsx
src/app/(app)/inventory/documents/page.tsx
src/app/(app)/inventory/import-actions.ts
src/app/(app)/inventory/import/page.tsx
src/app/(app)/inventory/items/[id]/attachment-panel.tsx
src/app/(app)/inventory/items/[id]/components.tsx
src/app/(app)/inventory/items/[id]/page.tsx
src/app/(app)/inventory/items/components.tsx
src/app/(app)/inventory/items/items-workbench.tsx
src/app/(app)/inventory/items/new-item-form.tsx
src/app/(app)/inventory/items/new/page.tsx
src/app/(app)/inventory/items/page.tsx
src/app/(app)/inventory/ledger/page.tsx
src/app/(app)/inventory/locations/components.tsx
src/app/(app)/inventory/locations/page.tsx
src/app/(app)/inventory/page.tsx
src/app/(app)/inventory/reorder/page.tsx
src/app/(app)/inventory/reorder/reorder-client.tsx
src/app/(app)/inventory/settings/page.tsx
src/app/(app)/inventory/settings/settings-client.tsx
src/app/(app)/inventory/snapshots/page.tsx
src/app/(app)/inventory/warehouses/[warehouseId]/page.tsx
src/app/(app)/inventory/warehouses/page.tsx
src/app/(app)/inventory/warehouses/warehouses-client.tsx
src/app/(app)/invoices/actions.ts
src/app/(app)/invoices/components.tsx
src/app/(app)/invoices/page.tsx
src/app/(app)/layout.tsx
src/app/(app)/loading.tsx
src/app/(app)/maintenance/page.tsx
src/app/(app)/maintenance/schedules/page.tsx
src/app/(app)/maintenance/visits/page.tsx
src/app/(app)/manufacturing/boms/page.tsx
src/app/(app)/manufacturing/job-cards/page.tsx
src/app/(app)/manufacturing/page.tsx
src/app/(app)/manufacturing/routings/page.tsx
src/app/(app)/manufacturing/work-orders/page.tsx
src/app/(app)/org/actions.ts
src/app/(app)/org/members/page.tsx
src/app/(app)/org/new/page.tsx
src/app/(app)/org/roles/page.tsx
src/app/(app)/org/select/page.tsx
src/app/(app)/org/settings/page.tsx
src/app/(app)/payments/actions.ts
src/app/(app)/payments/components.tsx
src/app/(app)/payments/page.tsx
src/app/(app)/payroll/entries/page.tsx
src/app/(app)/payroll/page.tsx
src/app/(app)/payroll/payslips/page.tsx
src/app/(app)/payroll/salary-structures/page.tsx
src/app/(app)/platform/customization/automation-rules/page.tsx
src/app/(app)/platform/customization/custom-fields/page.tsx
src/app/(app)/platform/customization/field-rules/page.tsx
src/app/(app)/platform/customization/form-layouts/page.tsx
src/app/(app)/platform/customization/print-templates/page.tsx
src/app/(app)/platform/customization/validation-rules/page.tsx
src/app/(app)/platform/page.tsx
src/app/(app)/platform/reports/page.tsx
src/app/(app)/platform/settings/page.tsx
src/app/(app)/portal/configs/page.tsx
src/app/(app)/portal/page.tsx
src/app/(app)/pos/closing/page.tsx
src/app/(app)/pos/page.tsx
src/app/(app)/pos/profiles/page.tsx
src/app/(app)/pos/sales/page.tsx
src/app/(app)/pos/shifts/page.tsx
src/app/(app)/products/actions.ts
src/app/(app)/products/components.tsx
src/app/(app)/products/edit-product-dialog.tsx
src/app/(app)/products/page.tsx
src/app/(app)/projects/billing/page.tsx
src/app/(app)/projects/page.tsx
src/app/(app)/projects/projects/page.tsx
src/app/(app)/projects/tasks/page.tsx
src/app/(app)/projects/timesheets/page.tsx
src/app/(app)/purchase-orders/[id]/page.tsx
src/app/(app)/purchase-orders/actions.ts
src/app/(app)/purchase-orders/components.tsx
src/app/(app)/purchase-orders/page.tsx
src/app/(app)/purchase-orders/receive-line-form.tsx
src/app/(app)/quality/capas/page.tsx
src/app/(app)/quality/goals/page.tsx
src/app/(app)/quality/inspections/page.tsx
src/app/(app)/quality/page.tsx
src/app/(app)/quotes/actions.ts
src/app/(app)/quotes/components.tsx
src/app/(app)/quotes/page.tsx
src/app/(app)/regional/page.tsx
src/app/(app)/regional/profiles/page.tsx
src/app/(app)/reports/page.tsx
src/app/(app)/reports/reports-client.tsx
src/app/(app)/selling/customers/page.tsx
src/app/(app)/selling/delivery-notes/page.tsx
src/app/(app)/selling/page.tsx
src/app/(app)/selling/quotations/page.tsx
src/app/(app)/selling/receivables/page.tsx
src/app/(app)/selling/sales-invoices/page.tsx
src/app/(app)/selling/sales-orders/page.tsx
src/app/(app)/settings/account/page.tsx
src/app/(app)/settings/actions.ts
src/app/(app)/settings/audit-log/page.tsx
src/app/(app)/settings/page.tsx
src/app/(app)/settings/settings-form.tsx
src/app/(app)/setup/customer-groups/page.tsx
src/app/(app)/setup/item-groups/page.tsx
src/app/(app)/setup/page.tsx
src/app/(app)/setup/supplier-groups/page.tsx
src/app/(app)/setup/territories/page.tsx
src/app/(app)/setup/uoms/page.tsx
src/app/(app)/stock/documents/page.tsx
src/app/(app)/stock/items/page.tsx
src/app/(app)/stock/ledger/page.tsx
src/app/(app)/stock/overview/page.tsx
src/app/(app)/stock/reorder/page.tsx
src/app/(app)/stock/settings/page.tsx
src/app/(app)/stock/warehouses/page.tsx
src/app/(app)/subcontracting/orders/page.tsx
src/app/(app)/subcontracting/page.tsx
src/app/(app)/subcontracting/receipts/page.tsx
src/app/(app)/support/knowledge-base/page.tsx
src/app/(app)/support/page.tsx
src/app/(app)/support/queues/page.tsx
src/app/(app)/support/slas/page.tsx
src/app/(app)/support/tickets/page.tsx
src/app/(app)/telephony/call-logs/page.tsx
src/app/(app)/telephony/page.tsx
src/app/(app)/utilities/admin-tools/page.tsx
src/app/(app)/utilities/page.tsx
src/app/(app)/utilities/tasks/page.tsx
src/app/(app)/vendors/actions.ts
src/app/(app)/vendors/components.tsx
src/app/(app)/vendors/edit-vendor-dialog.tsx
src/app/(app)/vendors/page.tsx
src/app/.DS_Store
src/app/api/account/email/change/send-otp/route.ts
src/app/api/account/password/change/route.ts
src/app/api/account/password/reset/route.ts
src/app/api/account/phone/verify/confirm/route.ts
src/app/api/account/phone/verify/send/route.ts
src/app/api/account/preferences/route.ts
src/app/api/account/profile/route.ts
src/app/api/admin/impersonation/start/route.ts
src/app/api/admin/impersonation/stop/route.ts
src/app/api/admin/tenants/[id]/disable/route.ts
src/app/api/admin/tenants/[id]/force-logout/route.ts
src/app/api/admin/tenants/[id]/force-mfa/route.ts
src/app/api/admin/tenants/route.ts
src/app/api/admin/users/[id]/force-password-reset/route.ts
src/app/api/admin/users/[id]/platform-role/route.ts
src/app/api/audit/route.ts
src/app/api/auth/config/route.ts
src/app/api/auth/magic-link/send/route.ts
src/app/api/auth/mfa/enroll/route.ts
src/app/api/auth/mfa/recovery/verify/route.ts
src/app/api/auth/mfa/verify/route.ts
src/app/api/auth/oauth/google/callback/route.ts
src/app/api/auth/oauth/google/start/route.ts
src/app/api/auth/oauth/microsoft/callback/route.ts
src/app/api/auth/oauth/microsoft/start/route.ts
src/app/api/auth/otp/send/route.ts
src/app/api/auth/otp/verify/route.ts
src/app/api/auth/session/bridge/route.ts
src/app/api/health/route.ts
src/app/api/invites/accept/route.ts
src/app/api/invites/claim/route.ts
src/app/api/invites/preview/route.ts
src/app/api/orgs/[id]/auto-join-rules/[ruleId]/route.ts
src/app/api/orgs/[id]/auto-join-rules/route.ts
src/app/api/orgs/[id]/domains/verification-token/route.ts
src/app/api/orgs/[id]/domains/verify/route.ts
src/app/api/orgs/[id]/invites/route.ts
src/app/api/orgs/[id]/master-admin/transfer/route.ts
src/app/api/orgs/[id]/members/route.ts
src/app/api/orgs/[id]/permissions/route.ts
src/app/api/orgs/[id]/roles/[roleId]/route.ts
src/app/api/orgs/[id]/roles/route.ts
src/app/api/orgs/[id]/route.ts
src/app/api/orgs/route.ts
src/app/api/sessions/revoke-all/route.ts
src/app/api/sessions/revoke/route.ts
src/app/api/sessions/route.ts
src/app/api/v1/accounting/accounts/route.ts
src/app/api/v1/accounting/cost-centers/route.ts
src/app/api/v1/accounting/dimensions/route.ts
src/app/api/v1/accounting/exchange-rates/route.ts
src/app/api/v1/accounting/fiscal-years/route.ts
src/app/api/v1/accounting/gl/route.ts
src/app/api/v1/accounting/journal-entries/route.ts
src/app/api/v1/accounting/payment-entries/route.ts
src/app/api/v1/accounting/periods/route.ts
src/app/api/v1/accounting/reports/route.ts
src/app/api/v1/assets/assets/route.ts
src/app/api/v1/assets/categories/route.ts
src/app/api/v1/bulk/jobs/route.ts
src/app/api/v1/buying/material-requests/route.ts
src/app/api/v1/buying/payables-aging/route.ts
src/app/api/v1/buying/purchase-receipts/route.ts
src/app/api/v1/buying/rfqs/route.ts
src/app/api/v1/buying/supplier-payments/route.ts
src/app/api/v1/buying/supplier-quotations/route.ts
src/app/api/v1/communication/logs/route.ts
src/app/api/v1/communication/windows/route.ts
src/app/api/v1/crm/campaigns/route.ts
src/app/api/v1/crm/leads/route.ts
src/app/api/v1/crm/opportunities/route.ts
src/app/api/v1/crm/timeline/route.ts
src/app/api/v1/customers/route.ts
src/app/api/v1/edi/code-lists/route.ts
src/app/api/v1/edi/transports/route.ts
src/app/api/v1/hr/attendance/route.ts
src/app/api/v1/hr/employees/route.ts
src/app/api/v1/hr/expense-claims/route.ts
src/app/api/v1/hr/leaves/allocations/route.ts
src/app/api/v1/hr/leaves/applications/route.ts
src/app/api/v1/integrations/api-tokens/route.ts
src/app/api/v1/integrations/email-queue/route.ts
src/app/api/v1/integrations/email-templates/route.ts
src/app/api/v1/inventory/attachments/finalize/route.ts
src/app/api/v1/inventory/attachments/route.ts
src/app/api/v1/inventory/attachments/upload-url/route.ts
src/app/api/v1/inventory/balances/route.ts
src/app/api/v1/inventory/custom-fields/[fieldId]/route.ts
src/app/api/v1/inventory/custom-fields/route.ts
src/app/api/v1/inventory/custom-fields/schema/route.ts
src/app/api/v1/inventory/documents/[docId]/route.ts
src/app/api/v1/inventory/documents/route.ts
src/app/api/v1/inventory/export-jobs/route.ts
src/app/api/v1/inventory/import-jobs/route.ts
src/app/api/v1/inventory/items/[itemId]/route.ts
src/app/api/v1/inventory/items/bulk-custom-fields/route.ts
src/app/api/v1/inventory/items/route.ts
src/app/api/v1/inventory/items/search/route.ts
src/app/api/v1/inventory/label-templates/[templateId]/route.ts
src/app/api/v1/inventory/label-templates/route.ts
src/app/api/v1/inventory/ledger/route.ts
src/app/api/v1/inventory/locations/[locationId]/route.ts
src/app/api/v1/inventory/locations/route.ts
src/app/api/v1/inventory/reconciliation/preview/route.ts
src/app/api/v1/inventory/reconciliation/route.ts
src/app/api/v1/inventory/reorder-rules/[ruleId]/route.ts
src/app/api/v1/inventory/reorder-rules/route.ts
src/app/api/v1/inventory/reorder-suggestions/route.ts
src/app/api/v1/inventory/reservations/route.ts
src/app/api/v1/inventory/route.ts
src/app/api/v1/inventory/view-presets/[presetId]/route.ts
src/app/api/v1/inventory/view-presets/route.ts
src/app/api/v1/inventory/warehouses/[warehouseId]/route.ts
src/app/api/v1/inventory/warehouses/route.ts
src/app/api/v1/inventory/workflows/[workflowId]/route.ts
src/app/api/v1/inventory/workflows/route.ts
src/app/api/v1/maintenance/schedules/route.ts
src/app/api/v1/maintenance/visits/route.ts
src/app/api/v1/manufacturing/boms/route.ts
src/app/api/v1/manufacturing/job-cards/route.ts
src/app/api/v1/manufacturing/routings/route.ts
src/app/api/v1/manufacturing/work-orders/route.ts
src/app/api/v1/payroll/entries/route.ts
src/app/api/v1/payroll/payslips/route.ts
src/app/api/v1/payroll/salary-structures/route.ts
src/app/api/v1/platform/audit/immutable/route.ts
src/app/api/v1/platform/audit/route.ts
src/app/api/v1/platform/customization/automation-rules/route.ts
src/app/api/v1/platform/customization/automation-runs/route.ts
src/app/api/v1/platform/customization/custom-fields/route.ts
src/app/api/v1/platform/customization/field-rules/route.ts
src/app/api/v1/platform/customization/form-layouts/route.ts
src/app/api/v1/platform/customization/print-templates/route.ts
src/app/api/v1/platform/customization/route.ts
src/app/api/v1/platform/customization/runtime/route.ts
src/app/api/v1/platform/customization/validation-rules/route.ts
src/app/api/v1/platform/numbering/next/route.ts
src/app/api/v1/platform/numbering/route.ts
src/app/api/v1/platform/reports/route.ts
src/app/api/v1/platform/reports/run/route.ts
src/app/api/v1/platform/reports/schedules/route.ts
src/app/api/v1/platform/reports/views/route.ts
src/app/api/v1/platform/tenants/domains/route.ts
src/app/api/v1/platform/tenants/permission-rules/route.ts
src/app/api/v1/platform/tenants/roles/route.ts
src/app/api/v1/platform/tenants/route.ts
src/app/api/v1/platform/tenants/row-scope-rules/route.ts
src/app/api/v1/platform/workflows/instances/route.ts
src/app/api/v1/platform/workflows/route.ts
src/app/api/v1/portal/configs/route.ts
src/app/api/v1/pos/profiles/route.ts
src/app/api/v1/pos/sales/route.ts
src/app/api/v1/pos/shifts/route.ts
src/app/api/v1/products/route.ts
src/app/api/v1/projects/billing/route.ts
src/app/api/v1/projects/projects/route.ts
src/app/api/v1/projects/tasks/route.ts
src/app/api/v1/projects/timesheets/route.ts
src/app/api/v1/quality/capas/route.ts
src/app/api/v1/quality/goals/route.ts
src/app/api/v1/quality/inspections/route.ts
src/app/api/v1/regional/profiles/route.ts
src/app/api/v1/selling/delivery-notes/route.ts
src/app/api/v1/selling/dunning/route.ts
src/app/api/v1/selling/receivables-aging/route.ts
src/app/api/v1/selling/sales-orders/route.ts
src/app/api/v1/setup/customer-groups/route.ts
src/app/api/v1/setup/item-groups/route.ts
src/app/api/v1/setup/supplier-groups/route.ts
src/app/api/v1/setup/territories/route.ts
src/app/api/v1/setup/uoms/route.ts
src/app/api/v1/subcontracting/orders/route.ts
src/app/api/v1/subcontracting/receipts/route.ts
src/app/api/v1/support/knowledge-base/route.ts
src/app/api/v1/support/queues/route.ts
src/app/api/v1/support/sla-policies/route.ts
src/app/api/v1/support/tickets/route.ts
src/app/api/v1/telephony/call-logs/route.ts
src/app/api/v1/utilities/tasks/route.ts
src/app/auth-actions.ts
src/app/auth/mfa/page.tsx
src/app/auth/reset-password/page.tsx
src/app/auth/sign-in/page.tsx
src/app/auth/sign-up/page.tsx
src/app/auth/verify/page.tsx
src/app/globals.css
src/app/layout.tsx
src/app/page.tsx
src/app/sign-in/page.tsx
src/app/sign-up/page.tsx
