prisma/.DS_Store
prisma/migrations/.DS_Store
prisma/migrations/20260124073215_init/migration.sql
prisma/migrations/20260124082623_init/migration.sql
prisma/migrations/20260130143923_add_crm_models/migration.sql
prisma/migrations/20260130145910_add_user_model/migration.sql
prisma/migrations/20260202000000_add_quotes/migration.sql
prisma/migrations/20260202000001_add_purchase_orders/migration.sql
prisma/migrations/20260202000002_add_payments/migration.sql
prisma/migrations/20260202000003_add_low_stock_threshold/migration.sql
prisma/migrations/20260202000004_add_org_settings/migration.sql
prisma/migrations/20260202000005_add_audit_log/migration.sql
prisma/migrations/20260208000000_add_inventory_models/migration.sql
prisma/migrations/20260209000000_inventory_revamp/migration.sql
prisma/migrations/20260209181645_minierp_001/migration.sql
prisma/migrations/20260211100000_inventory_platform_extension/migration.sql
prisma/migrations/20260211180457/migration.sql
prisma/migrations/20260212100000_add_iam_v1/migration.sql
prisma/migrations/20260213020000_iam_account_verification_and_forced_reset/migration.sql
prisma/migrations/20260214090000_master_admin_enforcement/migration.sql
prisma/migrations/20260220002000_phase1_platform_scaffold/migration.sql
prisma/migrations/20260220183000_phase4_step1_not_started_models/migration.sql
prisma/migrations/20260221000000_phase2_wave1_accounting_mvp/migration.sql
prisma/migrations/20260222000000_phase2_wave2_stock_mvp/migration.sql
prisma/migrations/20260223000000_phase2_wave2_setup_master_data/migration.sql
prisma/migrations/20260224000000_phase2_wave3_wave4_selling_buying/migration.sql
prisma/migrations/20260225000000_phase2_wave5_wave11_domain_baseline/migration.sql
prisma/migrations/20260226000000_user_theme_preference/migration.sql
prisma/migrations/20260227000000_phase3_accounting_financial_baseline/migration.sql
prisma/migrations/migration_lock.toml
prisma/schema.prisma
prisma/seed.mjs
