
> minierp-clerk-nextjs@0.3.0 tenancy:audit
> node scripts/tenancy-scope-audit.mjs

tenancy-scope-audit: potential unscoped Prisma calls detected
- src/modules/accounting/application/fiscal-period.service.ts:188 -> prisma.accountingPeriod.update({
- src/modules/accounting/application/gl-posting.service.ts:34 -> prisma.journalEntry.findMany({
- src/modules/accounting/application/gl-posting.service.ts:313 -> prisma.gLEntry.findMany({
- src/modules/accounting/application/gl-posting.service.ts:330 -> prisma.gLEntry.count({
- src/modules/accounting/application/payment-entries.service.ts:198 -> prisma.paymentEntry.findMany({
- src/modules/accounting/application/payment-entries.service.ts:212 -> prisma.paymentEntry.count({
- src/modules/accounting/application/payment-entries.service.ts:366 -> prisma.paymentEntry.update({
- src/modules/accounting/application/payment-entries.service.ts:395 -> prisma.paymentEntry.update({
- src/modules/accounting/application/payment-entries.service.ts:538 -> prisma.paymentEntry.findUnique({
- src/modules/assets/application/assets.service.ts:60 -> prisma.asset.findMany({
- src/modules/assets/application/categories.service.ts:29 -> prisma.assetCategory.findMany({
- src/modules/buying/application/material-requests.service.ts:51 -> prisma.materialRequest.findMany({
- src/modules/buying/application/material-requests.service.ts:169 -> prisma.materialRequest.update({
- src/modules/buying/application/payables.service.ts:117 -> prisma.supplierPayment.findMany({
- src/modules/buying/application/payables.service.ts:245 -> prisma.supplierPayment.update({
- src/modules/buying/application/payables.service.ts:266 -> prisma.supplierPayment.update({
- src/modules/buying/application/payables.service.ts:322 -> prisma.supplierPayment.update({
- src/modules/buying/application/purchase-receipts.service.ts:163 -> prisma.purchaseReceipt.findMany({
- src/modules/buying/application/rfqs.service.ts:47 -> prisma.requestForQuotation.findMany({
- src/modules/buying/application/supplier-quotations.service.ts:53 -> prisma.supplierQuotation.findMany({
- src/modules/communication/application/logs.service.ts:62 -> prisma.communicationLog.findMany({
- src/modules/communication/application/windows.service.ts:37 -> prisma.communicationWindow.findMany({
- src/modules/crm/application/campaigns.service.ts:56 -> prisma.campaign.findMany({
- src/modules/crm/application/campaigns.service.ts:148 -> prisma.campaign.update({
- src/modules/crm/application/leads.service.ts:78 -> prisma.lead.findMany({
- src/modules/crm/application/leads.service.ts:163 -> prisma.lead.update({
- src/modules/crm/application/opportunities.service.ts:121 -> prisma.opportunity.findMany({
- src/modules/crm/application/timeline.service.ts:63 -> prisma.activity.findMany({
- src/modules/crm/application/timeline.service.ts:79 -> prisma.opportunityStageHistory.findMany({
- src/modules/crm/application/timeline.service.ts:102 -> prisma.lead.findMany({
- src/modules/edi/application/transports.service.ts:103 -> prisma.ediTransport.update({
- src/modules/hr/application/attendance.service.ts:43 -> prisma.attendance.findMany({
- src/modules/hr/application/employees.service.ts:73 -> prisma.employee.findMany({
- src/modules/hr/application/expense-claims.service.ts:61 -> prisma.expenseClaim.findMany({
- src/modules/hr/application/expense-claims.service.ts:131 -> prisma.expenseClaim.update({
- src/modules/hr/application/leaves.service.ts:67 -> prisma.leaveAllocation.findMany({
- src/modules/hr/application/leaves.service.ts:130 -> prisma.leaveApplication.findMany({
- src/modules/integrations/application/email-queue.service.ts:52 -> prisma.integrationEmailQueue.findMany({
- src/modules/integrations/application/templates.service.ts:40 -> prisma.integrationEmailTemplate.findMany({
- src/modules/integrations/application/tokens.service.ts:101 -> prisma.integrationApiToken.update({
- src/modules/inventory/application/attachments.service.ts:71 -> prisma.inventoryAttachment.update({
- src/modules/inventory/application/custom-fields.service.ts:85 -> prisma.inventoryCustomFieldDefinition.update({
- src/modules/inventory/application/documents.service.ts:145 -> prisma.inventoryDocument.findMany({
- src/modules/inventory/application/documents.service.ts:1448 -> prisma.inventoryLedgerEntry.findMany({
- src/modules/inventory/application/import-export.service.ts:221 -> prisma.inventoryImportJobRowError.findMany({
- src/modules/inventory/application/items.service.ts:85 -> prisma.product.findMany({
- src/modules/inventory/application/label-templates.service.ts:122 -> prisma.inventoryLabelTemplate.delete({
- src/modules/inventory/application/reservations.service.ts:107 -> prisma.inventoryReservation.findMany({
- src/modules/inventory/application/reservations.service.ts:118 -> prisma.inventoryReservation.count({
- src/modules/inventory/application/view-presets.service.ts:78 -> prisma.inventoryViewPreset.update({
- src/modules/inventory/application/view-presets.service.ts:124 -> prisma.inventoryViewPreset.delete({
- src/modules/inventory/application/warehouses.service.ts:201 -> prisma.inventoryWarehouseLocation.update({
- src/modules/maintenance/application/schedules.service.ts:62 -> prisma.maintenanceSchedule.findMany({
- src/modules/maintenance/application/visits.service.ts:39 -> prisma.maintenanceVisit.findMany({
- src/modules/manufacturing/application/boms.service.ts:66 -> prisma.bom.findMany({
- src/modules/manufacturing/application/job-cards.service.ts:109 -> prisma.jobCard.findMany({
- src/modules/manufacturing/application/routings.service.ts:50 -> prisma.routing.findMany({
- src/modules/manufacturing/application/work-orders.service.ts:189 -> prisma.workOrder.findMany({
- src/modules/manufacturing/application/work-orders.service.ts:305 -> prisma.workOrder.update({
- src/modules/payroll/application/payroll-entries.service.ts:94 -> prisma.payrollEntry.findMany({
- src/modules/payroll/application/payroll-entries.service.ts:110 -> prisma.payrollEntry.count({
- src/modules/payroll/application/payslips.service.ts:89 -> prisma.payslip.findMany({
- src/modules/payroll/application/payslips.service.ts:176 -> prisma.payslip.update({
- src/modules/payroll/application/salary-structures.service.ts:31 -> prisma.salaryStructure.findMany({
- src/modules/payroll/application/salary-structures.service.ts:45 -> prisma.salaryStructure.count({
- src/modules/portal/application/configs.service.ts:107 -> prisma.portalConfig.update({
- src/modules/pos/application/profiles.service.ts:52 -> prisma.posProfile.findMany({
- src/modules/pos/application/sales.service.ts:194 -> prisma.posSale.findMany({
- src/modules/pos/application/sales.service.ts:313 -> prisma.posSale.update({
- src/modules/pos/application/shifts.service.ts:59 -> prisma.posShift.findMany({
- src/modules/pos/application/shifts.service.ts:156 -> prisma.posShift.update({
- src/modules/projects/application/billing.service.ts:118 -> prisma.projectBillingEntry.findMany({
- src/modules/projects/application/billing.service.ts:211 -> prisma.projectBillingEntry.update({
- src/modules/projects/application/projects.service.ts:74 -> prisma.project.findMany({
- src/modules/projects/application/projects.service.ts:162 -> prisma.project.update({
- src/modules/projects/application/tasks.service.ts:62 -> prisma.projectTask.findMany({
- src/modules/projects/application/tasks.service.ts:131 -> prisma.projectTask.update({
- src/modules/projects/application/timesheets.service.ts:85 -> prisma.timesheet.findMany({
- src/modules/projects/application/timesheets.service.ts:162 -> prisma.timesheet.update({
- src/modules/quality/application/capas.service.ts:73 -> prisma.qualityCapa.findMany({
- src/modules/quality/application/capas.service.ts:159 -> prisma.qualityCapa.update({
- src/modules/quality/application/goals.service.ts:79 -> prisma.qualityGoal.findMany({
- src/modules/quality/application/inspections.service.ts:84 -> prisma.qualityInspection.findMany({
- src/modules/quality/application/inspections.service.ts:178 -> prisma.qualityInspection.update({
- src/modules/regional/application/profiles.service.ts:83 -> prisma.regionalProfile.update({
- src/modules/selling/application/delivery-notes.service.ts:123 -> prisma.deliveryNote.findMany({
- src/modules/selling/application/receivables.service.ts:114 -> prisma.dunningNotice.findMany({
- src/modules/selling/application/receivables.service.ts:196 -> prisma.dunningNotice.update({
- src/modules/selling/application/sales-orders.service.ts:112 -> prisma.salesOrder.findMany({
- src/modules/selling/application/sales-orders.service.ts:237 -> prisma.salesOrderLine.update({
- src/modules/selling/application/sales-orders.service.ts:245 -> prisma.salesOrderLine.findMany({
- src/modules/selling/application/sales-orders.service.ts:303 -> prisma.salesOrder.update({
- src/modules/subcontracting/application/orders.service.ts:99 -> prisma.subcontractingOrder.findMany({
- src/modules/subcontracting/application/orders.service.ts:216 -> prisma.subcontractingOrder.update({
- src/modules/subcontracting/application/receipts.service.ts:121 -> prisma.subcontractingReceipt.findMany({
- src/modules/support/application/knowledge-base.service.ts:67 -> prisma.knowledgeArticle.findMany({
- src/modules/support/application/knowledge-base.service.ts:242 -> prisma.knowledgeArticle.update({
- src/modules/support/application/queues.service.ts:32 -> prisma.supportQueue.findMany({
- src/modules/support/application/sla-policies.service.ts:41 -> prisma.slaPolicy.findMany({
- src/modules/support/application/tickets.service.ts:113 -> prisma.ticket.findMany({
- src/modules/telephony/application/call-logs.service.ts:87 -> prisma.callLog.findMany({
- src/modules/telephony/application/call-logs.service.ts:176 -> prisma.callLog.update({
- src/modules/utilities/application/tasks.service.ts:115 -> prisma.utilityTask.update({
tenancy-scope-audit: advisory mode (set TENANCY_AUDIT_STRICT=1 to fail)
